
--- EMAIL (2026-07-06T08:27:18.258461) ---
To: shivammaurya65302@gmail.com
Subject: Your registration has been approved

Dear Dr. shivam maurya,

Your registration has been approved. You can now log in to the Blood Cancer Detection System with the following credentials:

Login ID: shivam123
Password: shivam@123

Please change your password after your first login (if supported) and keep these credentials confidential.

Regards,
Admin Team
----------------------------------------

--- EMAIL (2026-07-06T20:34:33.224050) ---
To: shivammaurya312@gmail.com
Subject: Your registration has been approved

Dear Dr. golu,

Your registration has been approved. You can now log in to the Blood Cancer Detection System with the following credentials:

Login ID: golu12
Password: golu@123

Please change your password after your first login (if supported) and keep these credentials confidential.

Regards,
Admin Team
----------------------------------------

--- EMAIL (2026-07-06T22:19:46.630388) ---
To: shivammaurya65302@gmail.com
Subject: Your registration was not approved

Dear prabhat,

We regret to inform you that your registration request was not approved.

Reason: degree image is not clear

You are welcome to submit a new request with corrected/updated details.

Regards,
Admin Team
----------------------------------------

--- EMAIL (2026-07-07T08:51:08.327163) ---
To: shivammaurya65302@gmail.com
Subject: Your registration has been approved

Dear Dr. shivam maurya,

Your registration has been approved. You can now log in to the Blood Cancer Detection System with the following credentials:

Login ID: shivam123
Password: shivam@123

Please change your password after your first login (if supported) and keep these credentials confidential.

Regards,
Admin Team
----------------------------------------
