
--- SMS (2026-07-06T08:27:18.266887) ---
To: 08127338259
Message: Your registration is approved. Login ID: shivam123, Password: shivam@123. Keep this confidential.
-------------------------------

--- SMS (2026-07-06T20:34:33.234306) ---
To: 08127338259
Message: Your registration is approved. Login ID: golu12, Password: golu@123. Keep this confidential.
-------------------------------

--- SMS (2026-07-06T22:19:46.639243) ---
To: 7754963273
Message: Your registration was not approved. Reason: degree image is not clear
-------------------------------

--- SMS (2026-07-07T08:51:08.329220) ---
To: 08127338259
Message: Your registration is approved. Login ID: shivam123, Password: shivam@123. Keep this confidential.
-------------------------------

--- SMS (2026-07-12T08:11:19.641678) ---
To: 7754963273
Message: Your registration is approved. Login ID: shivam12, Password: shivam@12. Keep this confidential.
-------------------------------

--- SMS (2026-07-12T08:23:16.122176) ---
To: 7754963273
Message: Your registration was not approved. Reason: please re-upload your document
-------------------------------
